[rentify.uouapps.com/index.html]
[backblue.gif]
[fade.gif]
[index.html]
[rentify.uouapps.com/wp-content/plugins/contact-form-7/includes/css/stylesa94e.css]
[rentify.uouapps.com/feed/index.html]
[rentify.uouapps.com/wp-content/themes/rentify/assets/css/swipebox.min167b.css]
[rentify.uouapps.com/comments/feed/index.html]
[rentify.uouapps.com/wp-content/themes/rentify/assets/js/masterslider/style/masterslider167b.css]
[rentify.uouapps.com/wp-content/themes/rentify/assets/js/masterslider/skins/default/style167b.css]
[rentify.uouapps.com/wp-content/themes/rentify/assets/js/masterslider/skins/light-2/style167b.css]
[rentify.uouapps.com/wp-content/themes/rentify/assets/js/masterslider/skins/black-1/style167b.css]
[rentify.uouapps.com/wp-content/themes/rentify/assets/css/owl.carousel167b.css]
[rentify.uouapps.com/wp-content/themes/rentify/assets/css/main-style167b.css]
[rentify.uouapps.com/wp-content/themes/rentify/assets/css/rentify167b.css]
[rentify.uouapps.com/wp-content/plugins/wordpress-popular-posts/style/wpp6765.css]
[rentify.uouapps.com/wp-content/plugins/js_composer/assets/css/js_composer.mina752.css]
[rentify.uouapps.com/wp-content/plugins/easy-fancybox/fancybox/jquery.fancybox-1.3.7.min00e2.css]
[rentify.uouapps.com/wp-includes/js/jquery/jqueryb8ff.js]
[rentify.uouapps.com/wp-includes/js/jquery/jquery-migrate.min330a.js]
[rentify.uouapps.com/xmlrpc0db0.php]
[rentify.uouapps.com/wp-json/index.html]
[rentify.uouapps.com/wp-includes/wlwmanifest.xml]
[rentify.uouapps.com/wp-json/oembed/1.0/embed682b.json]
[rentify.uouapps.com/wp-json/oembed/1.0/embed2a7d]
[rentify.uouapps.com/search/index.html]
[rentify.uouapps.com/car-listings/index.html]
[rentify.uouapps.com/modify-reservation/index.html]
[rentify.uouapps.com/wp-content/uploads/2016/01/rentify-logo.png]
[rentify.uouapps.com/cars/mazda-6/index.html]
[rentify.uouapps.com/wp-content/plugins/native-rental-system/front/images/reservation-header.png]
[rentify.uouapps.com/extras-availability/index.html]
[rentify.uouapps.com/wp-content/plugins/native-rental-system/front/images/month.png]
[rentify.uouapps.com/pricing-system/index.html]
[rentify.uouapps.com/wp-content/plugins/native-rental-system/extensions/car/front/demo-gallery/thumb_1433866289_1432632917_Suzuki alto.jpg]
[rentify.uouapps.com/extras-pricing/index.html]
[rentify.uouapps.com/car-availability-2/index.html]
[rentify.uouapps.com/about-us-2/index.html]
[rentify.uouapps.com/faq-2/index.html]
[rentify.uouapps.com/wp-content/plugins/native-rental-system/extensions/car/front/demo-gallery/thumb_1436773115_ford fiesta 2.jpg]
[rentify.uouapps.com/contact-us/index.html]
[rentify.uouapps.com/cars/ford-fiesta/index.html]
[rentify.uouapps.com/cars/suzuki-alto/index.html]
[rentify.uouapps.com/wp-content/plugins/native-rental-system/extensions/car/front/demo-gallery/thumb_1433866270_1432632903_peugeot 207.jpg]
[rentify.uouapps.com/cars/peugeot-207/index.html]
[rentify.uouapps.com/wp-content/plugins/native-rental-system/extensions/car/front/demo-gallery/thumb_1436773158_Kia Ceed SW.jpg]
[rentify.uouapps.com/cars/kia-ceed/index.html]
[rentify.uouapps.com/wp-content/plugins/native-rental-system/extensions/car/front/demo-gallery/thumb_1433866619_1432632987_Opel Astra Sport Tourer.jpg]
[rentify.uouapps.com/cars/opel-astra-sport-tourer/index.html]
[rentify.uouapps.com/wp-content/plugins/native-rental-system/extensions/car/front/demo-gallery/thumb_1433866673_1432899607_Opel Insignia universal22.jpg]
[rentify.uouapps.com/wp-content/plugins/native-rental-system/extensions/car/front/demo-gallery/thumb_1436773210_Nissan Qashqai+2.jpg]
[rentify.uouapps.com/cars/nissan-qashqai2/index.html]
[rentify.uouapps.com/wp-content/plugins/native-rental-system/extensions/car/front/demo-gallery/thumb_1433866303_1432633008_Mazda 6.jpg]
[rentify.uouapps.com/wp-content/plugins/native-rental-system/extensions/car/front/demo-gallery/thumb_1433866536_1432899430_c5s.jpg]
[rentify.uouapps.com/cars/citroen-c5/index.html]
[rentify.uouapps.com/cars/opel-insignia/index.html]
[rentify.uouapps.com/wp-content/plugins/native-rental-system/extensions/car/front/demo-gallery/thumb_1433866727_1432633039_Nissan Qashqai.jpg]
[rentify.uouapps.com/cars/nissan-qashqai/index.html]
[rentify.uouapps.com/wp-content/plugins/native-rental-system/extensions/car/front/demo-gallery/thumb_1436773349_VW Touareg.jpg]
[rentify.uouapps.com/wp-content/plugins/native-rental-system/extensions/car/front/demo-gallery/thumb_1433866509_1432632949_Audi A6.jpg]
[rentify.uouapps.com/cars/vwtouareg/index.html]
[rentify.uouapps.com/wp-content/plugins/native-rental-system/extensions/car/front/demo-gallery/thumb_1433866707_1432633030_Mercedes ML350.jpg]
[rentify.uouapps.com/cars/audi-a6/index.html]
[rentify.uouapps.com/cars/mercedes-ml350/index.html]
[rentify.uouapps.com/wp-content/plugins/native-rental-system/extensions/car/front/demo-gallery/thumb_1433866477_1432632928_Opel Vivaro.jpg]
[rentify.uouapps.com/wp-content/plugins/native-rental-system/extensions/car/front/demo-gallery/thumb_1433866491_1432632939_Peugeot Boxer.jpg]
[rentify.uouapps.com/cars/peugeot-boxer/index.html]
[rentify.uouapps.com/wp-content/uploads/2016/01/partners5.png]
[rentify.uouapps.com/wp-content/uploads/2016/01/partners4.png]
[rentify.uouapps.com/cars/opel-vivaro/index.html]
[rentify.uouapps.com/wp-content/uploads/2016/01/partners3.png]
[rentify.uouapps.com/wp-content/uploads/2016/01/partners2.png]
[rentify.uouapps.com/wp-content/uploads/2016/01/partners.png]
[rentify.uouapps.com/wp-content/plugins/native-rental-system/front/css/datepicker167b.css]
[rentify.uouapps.com/wp-content/plugins/native-rental-system/front/css/style-crimson-red167b.css]
[rentify.uouapps.com/wp-content/plugins/native-rental-system/front/css/nrs-flexslider167b.css]
[rentify.uouapps.com/wp-includes/js/comment-reply.min167b.js]
[rentify.uouapps.com/wp-content/plugins/contact-form-7/includes/js/jquery.form.mind03d.js]
[rentify.uouapps.com/wp-content/plugins/contact-form-7/includes/js/scriptsa94e.js]
[rentify.uouapps.com/wp-includes/js/hoverIntent.minc245.js]
[rentify.uouapps.com/wp-content/themes/rentify/assets/js/plugins/jquery.fitvids68b3.js]
[rentify.uouapps.com/wp-content/plugins/js_composer/assets/lib/bower/flexslider/jquery.flexslider-mina752.js]
[rentify.uouapps.com/wp-content/themes/rentify/assets/js/plugins/rangeslider.min68b3.js]
[rentify.uouapps.com/wp-content/themes/rentify/assets/js/plugins/superfish.min68b3.js]
[rentify.uouapps.com/wp-content/themes/rentify/assets/js/plugins/supersubs68b3.js]
[rentify.uouapps.com/wp-content/themes/rentify/assets/js/masterslider/jquery.easing.min167b.js]
[rentify.uouapps.com/wp-content/themes/rentify/assets/js/masterslider/masterslider.min167b.js]
[rentify.uouapps.com/wp-content/themes/rentify/assets/js/master-slider-custom68b3.js]
[rentify.uouapps.com/wp-content/themes/rentify/assets/js/bootstrap68b3.js]
[rentify.uouapps.com/wp-content/themes/rentify/assets/js/uou-accordions68b3.js]
[rentify.uouapps.com/wp-content/themes/rentify/assets/js/uou-tabs68b3.js]
[rentify.uouapps.com/wp-content/themes/rentify/assets/js/isotope-custom68b3.js]
[rentify.uouapps.com/wp-content/themes/rentify/assets/js/jquery.nicescroll68b3.js]
[rentify.uouapps.com/wp-content/plugins/js_composer/assets/lib/bower/isotope/dist/isotope.pkgd.mina752.js]
[rentify.uouapps.com/wp-content/themes/rentify/assets/js/owl.carousel.min68b3.js]
[rentify.uouapps.com/wp-content/themes/rentify/assets/js/jquery.swipebox.min68b3.js]
[rentify.uouapps.com/wp-content/themes/rentify/assets/js/maplace-0.1.368b3.js]
[rentify.uouapps.com/wp-content/themes/rentify/assets/js/scripts68b3.js]
[rentify.uouapps.com/wp-includes/js/wp-embed.min167b.js]
[rentify.uouapps.com/wp-content/plugins/js_composer/assets/js/dist/js_composer_front.mina752.js]
[rentify.uouapps.com/wp-includes/js/jquery/ui/core.mine899.js]
[rentify.uouapps.com/wp-includes/js/jquery/ui/datepicker.mine899.js]
[rentify.uouapps.com/wp-content/plugins/native-rental-system/extensions/car/languages/datepicker/en_US167b.js]
[rentify.uouapps.com/wp-content/plugins/native-rental-system/front/js/modernizr167b.js]
[rentify.uouapps.com/wp-content/plugins/native-rental-system/front/js/jquery.easing167b.js]
[rentify.uouapps.com/wp-content/plugins/native-rental-system/front/js/jquery.mousewheel167b.js]
[rentify.uouapps.com/wp-content/plugins/native-rental-system/front/js/jquery.flexslider-min167b.js]
[rentify.uouapps.com/wp-content/plugins/native-rental-system/front/js/nrs-flexslider-settingsd5f7.js]
[rentify.uouapps.com/wp-content/plugins/easy-fancybox/fancybox/jquery.fancybox-1.3.7.min00e2.js]
[rentify.uouapps.com/wp-content/plugins/easy-fancybox/jquery.easing.pack4e44.js]
[rentify.uouapps.com/wp-content/plugins/easy-fancybox/jquery.mousewheel.min4830.js]
[rentify.uouapps.com/index.html]
[rentify.uouapps.com/wp-content/plugins/contact-form-7/includes/css/stylesa94e.css]
[rentify.uouapps.com/wp-content/themes/rentify/assets/img/loader.gif]
[rentify.uouapps.com/wp-content/themes/rentify/assets/img/icons.png]
[rentify.uouapps.com/wp-content/themes/rentify/assets/css/swipebox.min167b.css]
[rentify.uouapps.com/wp-content/themes/rentify/assets/js/masterslider/style/loading-2.gif]
[rentify.uouapps.com/wp-content/themes/rentify/assets/js/masterslider/style/grab.png]
[rentify.uouapps.com/wp-content/themes/rentify/assets/js/masterslider/style/grabbing.png]
[rentify.uouapps.com/wp-content/themes/rentify/assets/js/masterslider/style/video-close-btn.png]
[rentify.uouapps.com/wp-content/themes/rentify/assets/js/masterslider/style/masterslider167b.css]
[rentify.uouapps.com/wp-content/themes/rentify/assets/js/masterslider/skins/default/light-skin-1.png]
[rentify.uouapps.com/wp-content/themes/rentify/assets/js/masterslider/skins/default/light-skin-1-retina.png]
[rentify.uouapps.com/wp-content/themes/rentify/assets/js/masterslider/skins/default/style167b.css]
[rentify.uouapps.com/wp-content/themes/rentify/assets/js/masterslider/skins/light-2/light-skin-2.png]
[rentify.uouapps.com/wp-content/themes/rentify/assets/js/masterslider/skins/light-2/light-skin-2-retina.png]
[rentify.uouapps.com/wp-content/themes/rentify/assets/js/masterslider/skins/light-2/style167b.css]
[rentify.uouapps.com/wp-content/themes/rentify/assets/js/masterslider/skins/black-1/black-skin-1.png]
[rentify.uouapps.com/wp-content/themes/rentify/assets/js/masterslider/skins/black-1/black-skin-1-retina.png]
[rentify.uouapps.com/wp-content/themes/rentify/assets/js/masterslider/skins/black-1/style167b.css]
[rentify.uouapps.com/wp-content/themes/rentify/assets/css/owl.carousel167b.css]
[rentify.uouapps.com/wp-content/themes/rentify/assets/fonts/fontawesome-webfonte0a5.eot]
[rentify.uouapps.com/wp-content/themes/rentify/assets/fonts/fontawesome-webfontd41d.eot]
[rentify.uouapps.com/wp-content/themes/rentify/assets/fonts/fontawesome-webfonte0a5.woff]
[rentify.uouapps.com/wp-content/themes/rentify/assets/fonts/fontawesome-webfonte0a5.ttf]
[rentify.uouapps.com/wp-content/themes/rentify/assets/img/pricing-table-bg.jpg]
[rentify.uouapps.com/wp-content/themes/rentify/assets/js/plugins/mejs/bigplay.png]
[rentify.uouapps.com/wp-content/themes/rentify/assets/js/plugins/mejs/background.png]
[rentify.uouapps.com/wp-content/themes/rentify/assets/js/plugins/mejs/loading.gif]
[rentify.uouapps.com/wp-content/themes/rentify/assets/js/plugins/mejs/controls.png]
[rentify.uouapps.com/wp-content/themes/rentify/assets/js/plugins/mejs/skipback.png]
[rentify.uouapps.com/wp-content/themes/rentify/assets/img/copywrite-block-img1.png]
[rentify.uouapps.com/wp-content/themes/rentify/assets/img/slider-img/slider-bg-11.jpg]
[rentify.uouapps.com/wp-content/themes/rentify/assets/css/main-style167b.css]
[rentify.uouapps.com/wp-content/themes/rentify/assets/img/bnr-bg.jpg]
[rentify.uouapps.com/wp-content/themes/rentify/assets/css/rentify167b.css]
[rentify.uouapps.com/wp-content/plugins/wordpress-popular-posts/style/wpp6765.css]
[rentify.uouapps.com/wp-content/plugins/js_composer/assets/vc/alert.png]
[rentify.uouapps.com/wp-content/plugins/js_composer/assets/vc/info.png]
[rentify.uouapps.com/wp-content/plugins/js_composer/assets/vc/tick.png]
[rentify.uouapps.com/wp-content/plugins/js_composer/assets/vc/exclamation.png]
[rentify.uouapps.com/wp-content/plugins/js_composer/assets/images/icons/address-book.png]
[rentify.uouapps.com/wp-content/plugins/js_composer/assets/images/icons/alarm-clock.png]
[rentify.uouapps.com/wp-content/plugins/js_composer/assets/images/icons/anchor.png]
[rentify.uouapps.com/wp-content/plugins/js_composer/assets/images/icons/application-image.png]
[rentify.uouapps.com/wp-content/plugins/js_composer/assets/images/icons/arrow.png]
[rentify.uouapps.com/wp-content/plugins/js_composer/assets/images/icons/asterisk.png]
[rentify.uouapps.com/wp-content/plugins/js_composer/assets/images/icons/auction-hammer.png]
[rentify.uouapps.com/wp-content/plugins/js_composer/assets/images/icons/balloon.png]
[rentify.uouapps.com/wp-content/plugins/js_composer/assets/images/icons/balloon-buzz.png]
[rentify.uouapps.com/wp-content/plugins/js_composer/assets/images/icons/balloon-facebook.png]
[rentify.uouapps.com/wp-content/plugins/js_composer/assets/images/icons/balloon-twitter.png]
[rentify.uouapps.com/wp-content/plugins/js_composer/assets/images/icons/battery-full.png]
[rentify.uouapps.com/wp-content/plugins/js_composer/assets/images/icons/binocular.png]
[rentify.uouapps.com/wp-content/plugins/js_composer/assets/images/icons/blue-document-excel.png]
[rentify.uouapps.com/wp-content/plugins/js_composer/assets/images/icons/blue-document-image.png]
[rentify.uouapps.com/wp-content/plugins/js_composer/assets/images/icons/blue-document-music.png]
[rentify.uouapps.com/wp-content/plugins/js_composer/assets/images/icons/blue-document-office.png]
[rentify.uouapps.com/wp-content/plugins/js_composer/assets/images/icons/blue-document-pdf.png]
[rentify.uouapps.com/wp-content/plugins/js_composer/assets/images/icons/blue-document-powerpoint.png]
[rentify.uouapps.com/wp-content/plugins/js_composer/assets/images/icons/blue-document-word.png]
[rentify.uouapps.com/wp-content/plugins/js_composer/assets/images/icons/bookmark.png]
[rentify.uouapps.com/wp-content/plugins/js_composer/assets/images/icons/camcorder.png]
[rentify.uouapps.com/wp-content/plugins/js_composer/assets/images/icons/camera.png]
[rentify.uouapps.com/wp-content/plugins/js_composer/assets/images/icons/chart.png]
[rentify.uouapps.com/wp-content/plugins/js_composer/assets/images/icons/chart-pie.png]
[rentify.uouapps.com/wp-content/plugins/js_composer/assets/images/icons/clock.png]
[rentify.uouapps.com/wp-content/plugins/js_composer/assets/images/icons/control.png]
[rentify.uouapps.com/wp-content/plugins/js_composer/assets/images/icons/fire.png]
[rentify.uouapps.com/wp-content/plugins/js_composer/assets/images/icons/heart.png]
[rentify.uouapps.com/wp-content/plugins/js_composer/assets/images/icons/mail.png]
[rentify.uouapps.com/wp-content/plugins/js_composer/assets/images/icons/plus-shield.png]
[rentify.uouapps.com/wp-content/plugins/js_composer/assets/images/icons/video.png]
[rentify.uouapps.com/wp-content/plugins/js_composer/assets/images/toggle_open.png]
[rentify.uouapps.com/wp-content/plugins/js_composer/assets/images/toggle_close.png]
[rentify.uouapps.com/wp-content/plugins/js_composer/assets/images/flickr.png]
[rentify.uouapps.com/wp-content/plugins/js_composer/assets/fonts/vc_grid/vc_grid_v157a1.eot]
[rentify.uouapps.com/wp-content/plugins/js_composer/assets/fonts/vc_grid/vc_grid_v1d41d.eot]
[rentify.uouapps.com/wp-content/plugins/js_composer/assets/fonts/vc_grid/vc_grid_v157a1.woff]
[rentify.uouapps.com/wp-content/plugins/js_composer/assets/fonts/vc_grid/vc_grid_v157a1.ttf]
[rentify.uouapps.com/wp-content/plugins/js_composer/assets/css/js_composer.mina752.css]
[rentify.uouapps.com/wp-content/plugins/easy-fancybox/fancybox/fancybox.png]
[rentify.uouapps.com/wp-content/plugins/easy-fancybox/fancybox/blank.gif]
[rentify.uouapps.com/wp-content/plugins/easy-fancybox/fancybox/fancybox-x.png]
[rentify.uouapps.com/wp-content/plugins/easy-fancybox/fancybox/fancybox-y.png]
[rentify.uouapps.com/wp-content/plugins/easy-fancybox/fancybox/fancy_title_over.png]
[rentify.uouapps.com/wp-content/plugins/easy-fancybox/fancybox/jquery.fancybox-1.3.7.min00e2.css]
[rentify.uouapps.com/wp-json/oembed/1.0/embed019b.json]
[rentify.uouapps.com/indexd4ea.html]
[rentify.uouapps.com/wp-json/oembed/1.0/embed3aa4]
[rentify.uouapps.com/wp-admin/admin-ajax.html]
[rentify.uouapps.com/search/POST.html]
[rentify.uouapps.com/wp-content/uploads/2015/12/search-page-1024x171.jpg]
[rentify.uouapps.com/search/index.html]
[rentify.uouapps.com/index1870.html]
[rentify.uouapps.com/wp-json/oembed/1.0/embedc0b7.json]
[rentify.uouapps.com/wp-json/oembed/1.0/embed2a44]
[rentify.uouapps.com/modify-reservation/POST.a5.delayed]
[rentify.uouapps.com/wp-content/uploads/2015/12/reservation-modify-page-1024x171.jpg]
[rentify.uouapps.com/modify-reservation/index.html]
[rentify.uouapps.com/index30df.html]
[rentify.uouapps.com/wp-json/oembed/1.0/embed6cd5.json]
[rentify.uouapps.com/wp-json/oembed/1.0/embed2665]
[rentify.uouapps.com/car-listings/POST.a9.delayed]
[rentify.uouapps.com/wp-content/plugins/native-rental-system/extensions/car/front/demo-gallery/1436773115_ford fiesta 2.jpg]
[rentify.uouapps.com/wp-content/plugins/native-rental-system/extensions/car/front/demo-gallery/1433866289_1432632917_Suzuki alto.jpg]
[rentify.uouapps.com/wp-content/plugins/native-rental-system/extensions/car/front/demo-gallery/1433866270_1432632903_peugeot 207.jpg]
[rentify.uouapps.com/wp-content/plugins/native-rental-system/extensions/car/front/demo-gallery/1433866303_1432633008_Mazda 6.jpg]
[rentify.uouapps.com/wp-content/plugins/native-rental-system/extensions/car/front/demo-gallery/1433866477_1432632928_Opel Vivaro.jpg]
[rentify.uouapps.com/wp-content/plugins/native-rental-system/extensions/car/front/demo-gallery/1433866491_1432632939_Peugeot Boxer.jpg]
[rentify.uouapps.com/wp-content/plugins/native-rental-system/extensions/car/front/demo-gallery/1433866619_1432632987_Opel Astra Sport Tourer.jpg]
[rentify.uouapps.com/wp-content/plugins/native-rental-system/extensions/car/front/demo-gallery/1436773158_Kia Ceed SW.jpg]
[rentify.uouapps.com/wp-content/plugins/native-rental-system/extensions/car/front/demo-gallery/1433866673_1432899607_Opel Insignia universal22.jpg]
[rentify.uouapps.com/wp-content/plugins/native-rental-system/extensions/car/front/demo-gallery/1433866536_1432899430_c5s.jpg]
[rentify.uouapps.com/wp-content/plugins/native-rental-system/extensions/car/front/demo-gallery/1433866509_1432632949_Audi A6.jpg]
[rentify.uouapps.com/wp-content/plugins/native-rental-system/extensions/car/front/demo-gallery/1436773210_Nissan Qashqai+2.jpg]
[rentify.uouapps.com/wp-content/plugins/native-rental-system/extensions/car/front/demo-gallery/1433866727_1432633039_Nissan Qashqai.jpg]
[rentify.uouapps.com/wp-content/plugins/native-rental-system/extensions/car/front/demo-gallery/1436773349_VW Touareg.jpg]
[rentify.uouapps.com/wp-content/plugins/native-rental-system/extensions/car/front/demo-gallery/1433866707_1432633030_Mercedes ML350.jpg]
[rentify.uouapps.com/car-listings/index.html]
[rentify.uouapps.com/wp-json/oembed/1.0/embed3f38.json]
[rentify.uouapps.com/index5721.html]
[rentify.uouapps.com/wp-json/oembed/1.0/embed5932]
[rentify.uouapps.com/cars/mazda-6/POST.bb.delayed]
[rentify.uouapps.com/wp-content/plugins/native-rental-system/extensions/car/front/demo-gallery/big_thumb_1433866303_1432633008_Mazda 6.jpg]
[rentify.uouapps.com/wp-content/plugins/native-rental-system/extensions/car/front/demo-gallery/mini_thumb_1433866303_1432633008_Mazda 6.jpg]
[rentify.uouapps.com/cars/index.html]
[rentify.uouapps.com/wp-content/plugins/native-rental-system/extensions/car/front/demo-gallery/1437598418_nice-car-interior.png]
[rentify.uouapps.com/wp-content/plugins/native-rental-system/extensions/car/front/demo-gallery/mini_thumb_1437598418_nice-car-interior.png]
[rentify.uouapps.com/wp-content/plugins/native-rental-system/extensions/car/front/demo-gallery/1437598419_nice-car-boot.jpg]
[rentify.uouapps.com/wp-content/plugins/native-rental-system/extensions/car/front/demo-gallery/mini_thumb_1437598419_nice-car-boot.jpg]
[rentify.uouapps.com/cars/mazda-6/index.html]
[rentify.uouapps.com/wp-json/oembed/1.0/embede21b.json]
[rentify.uouapps.com/index9d44.html]
[rentify.uouapps.com/wp-json/oembed/1.0/embed74c6]
[rentify.uouapps.com/car-availability-2/POST.c4.delayed]
[rentify.uouapps.com/wp-content/uploads/2015/12/car-availability-page-1024x171.jpg]
[rentify.uouapps.com/wp-content/plugins/native-rental-system/extensions/car/front/demo-gallery/mini_thumb_1436773115_ford fiesta 2.jpg]
[rentify.uouapps.com/wp-content/plugins/native-rental-system/extensions/car/front/demo-gallery/mini_thumb_1433866270_1432632903_peugeot 207.jpg]
[rentify.uouapps.com/wp-content/plugins/native-rental-system/extensions/car/front/demo-gallery/mini_thumb_1433866289_1432632917_Suzuki alto.jpg]
[rentify.uouapps.com/wp-content/plugins/native-rental-system/extensions/car/front/demo-gallery/mini_thumb_1433866477_1432632928_Opel Vivaro.jpg]
[rentify.uouapps.com/wp-content/plugins/native-rental-system/extensions/car/front/demo-gallery/mini_thumb_1433866491_1432632939_Peugeot Boxer.jpg]
[rentify.uouapps.com/wp-content/plugins/native-rental-system/extensions/car/front/demo-gallery/mini_thumb_1433866509_1432632949_Audi A6.jpg]
[rentify.uouapps.com/wp-content/plugins/native-rental-system/extensions/car/front/demo-gallery/mini_thumb_1433866536_1432899430_c5s.jpg]
[rentify.uouapps.com/wp-content/plugins/native-rental-system/extensions/car/front/demo-gallery/mini_thumb_1436773158_Kia Ceed SW.jpg]
[rentify.uouapps.com/wp-content/plugins/native-rental-system/extensions/car/front/demo-gallery/mini_thumb_1433866619_1432632987_Opel Astra Sport Tourer.jpg]
[rentify.uouapps.com/wp-content/plugins/native-rental-system/extensions/car/front/demo-gallery/mini_thumb_1433866673_1432899607_Opel Insignia universal22.jpg]
[rentify.uouapps.com/wp-content/plugins/native-rental-system/extensions/car/front/demo-gallery/mini_thumb_1433866707_1432633030_Mercedes ML350.jpg]
[rentify.uouapps.com/wp-content/plugins/native-rental-system/extensions/car/front/demo-gallery/mini_thumb_1433866727_1432633039_Nissan Qashqai.jpg]
[rentify.uouapps.com/wp-content/plugins/native-rental-system/extensions/car/front/demo-gallery/mini_thumb_1436773210_Nissan Qashqai+2.jpg]
[rentify.uouapps.com/wp-content/plugins/native-rental-system/extensions/car/front/demo-gallery/mini_thumb_1436773349_VW Touareg.jpg]
[rentify.uouapps.com/car-availability-2/index.html]
[rentify.uouapps.com/wp-json/oembed/1.0/embed79d1.json]
[rentify.uouapps.com/index0180.html]
[rentify.uouapps.com/wp-json/oembed/1.0/embed11e9]
[rentify.uouapps.com/extras-availability/POST.d6.delayed]
[rentify.uouapps.com/extras-availability/index.html]
[rentify.uouapps.com/indexed1a.html]
[rentify.uouapps.com/wp-json/oembed/1.0/embedf99e.json]
[rentify.uouapps.com/wp-json/oembed/1.0/embedeb55]
[rentify.uouapps.com/pricing-system/POST.d9.delayed]
[rentify.uouapps.com/wp-content/uploads/2016/01/banner-1024x153.jpg]
[rentify.uouapps.com/pricing-system/index.html]
[rentify.uouapps.com/wp-json/oembed/1.0/embeda382.json]
[rentify.uouapps.com/indexa9a7.html]
[rentify.uouapps.com/wp-json/oembed/1.0/embedd471]
[rentify.uouapps.com/extras-pricing/POST.dd.delayed]
[rentify.uouapps.com/extras-pricing/index.html]
[rentify.uouapps.com/wp-json/oembed/1.0/embedf649.json]
[rentify.uouapps.com/index11a9.html]
[rentify.uouapps.com/wp-json/oembed/1.0/embed4ee8]
[rentify.uouapps.com/about-us-2/POST.e0.delayed]
[rentify.uouapps.com/wp-content/uploads/2015/12/about-page-1024x171.jpg]
[rentify.uouapps.com/wp-content/uploads/2016/01/logo-big-300x110.jpg]
[rentify.uouapps.com/wp-content/uploads/2016/01/about-img-1.jpg]
[rentify.uouapps.com/wp-content/uploads/2016/01/about-img-2.jpg]
[rentify.uouapps.com/about-us-2/index.html]
[rentify.uouapps.com/indexc63f.html]
[rentify.uouapps.com/wp-json/oembed/1.0/embedffb4.json]
[rentify.uouapps.com/wp-json/oembed/1.0/embedb03a]
[rentify.uouapps.com/faq-2/POST.e7.delayed]
[rentify.uouapps.com/wp-content/uploads/2015/12/faq-page-1024x171.jpg]
[rentify.uouapps.com/faq-2/index.html]
[rentify.uouapps.com/wp-json/oembed/1.0/embedbb44.json]
[rentify.uouapps.com/index9849.html]
[rentify.uouapps.com/wp-json/oembed/1.0/embede4d6]
[rentify.uouapps.com/contact-us/POST.eb.delayed]
[rentify.uouapps.com/wp-content/uploads/2015/12/contact-us-1024x171.jpg]
[rentify.uouapps.com/wp-content/themes/rentify/assets/js/map-script167b.js]
[rentify.uouapps.com/contact-us/index.html]
[rentify.uouapps.com/wp-json/oembed/1.0/embed35cb.json]
[rentify.uouapps.com/index28c5.html]
[rentify.uouapps.com/wp-json/oembed/1.0/embed2a42]
[rentify.uouapps.com/cars/suzuki-alto/POST.f0.delayed]
[rentify.uouapps.com/wp-content/plugins/native-rental-system/extensions/car/front/demo-gallery/big_thumb_1433866289_1432632917_Suzuki alto.jpg]
[rentify.uouapps.com/cars/suzuki-alto/index.html]
[rentify.uouapps.com/index9873.html]
[rentify.uouapps.com/wp-json/oembed/1.0/embede8de.json]
[rentify.uouapps.com/wp-json/oembed/1.0/embed00d2]
[rentify.uouapps.com/cars/ford-fiesta/POST.f4.delayed]
[rentify.uouapps.com/wp-content/plugins/native-rental-system/extensions/car/front/demo-gallery/big_thumb_1436773115_ford fiesta 2.jpg]
[rentify.uouapps.com/cars/ford-fiesta/index.html]
[rentify.uouapps.com/wp-json/oembed/1.0/embed87a3.json]
[rentify.uouapps.com/index5a6a.html]
[rentify.uouapps.com/wp-json/oembed/1.0/embed31a9]
[rentify.uouapps.com/cars/peugeot-207/POST.f8.delayed]
[rentify.uouapps.com/wp-content/plugins/native-rental-system/extensions/car/front/demo-gallery/big_thumb_1433866270_1432632903_peugeot 207.jpg]
[rentify.uouapps.com/cars/peugeot-207/index.html]
[rentify.uouapps.com/wp-json/oembed/1.0/embed56da.json]
[rentify.uouapps.com/index6eea.html]
[rentify.uouapps.com/wp-json/oembed/1.0/embed69c7]
[rentify.uouapps.com/cars/kia-ceed/POST.fc.delayed]
[rentify.uouapps.com/wp-content/plugins/native-rental-system/extensions/car/front/demo-gallery/big_thumb_1436773158_Kia Ceed SW.jpg]
[rentify.uouapps.com/cars/kia-ceed/index.html]
[rentify.uouapps.com/wp-json/oembed/1.0/embeda982.json]
[rentify.uouapps.com/index5051.html]
[rentify.uouapps.com/cars/opel-astra-sport-tourer/POST.100.delayed]
[rentify.uouapps.com/wp-json/oembed/1.0/embede642]
[rentify.uouapps.com/wp-content/plugins/native-rental-system/extensions/car/front/demo-gallery/big_thumb_1433866619_1432632987_Opel Astra Sport Tourer.jpg]
[rentify.uouapps.com/cars/opel-astra-sport-tourer/index.html]
[rentify.uouapps.com/wp-json/oembed/1.0/embed74e7.json]
[rentify.uouapps.com/indexdc0d.html]
[rentify.uouapps.com/wp-json/oembed/1.0/embed3e68]
[rentify.uouapps.com/cars/opel-insignia/POST.104.delayed]
[rentify.uouapps.com/wp-content/plugins/native-rental-system/extensions/car/front/demo-gallery/big_thumb_1433866673_1432899607_Opel Insignia universal22.jpg]
[rentify.uouapps.com/cars/opel-insignia/index.html]
[rentify.uouapps.com/wp-json/oembed/1.0/embed84ce.json]
[rentify.uouapps.com/wp-json/oembed/1.0/embed86b7]
[rentify.uouapps.com/index9fa1.html]
[rentify.uouapps.com/cars/nissan-qashqai2/POST.108.delayed]
[rentify.uouapps.com/wp-content/plugins/native-rental-system/extensions/car/front/demo-gallery/big_thumb_1436773210_Nissan Qashqai+2.jpg]
[rentify.uouapps.com/cars/nissan-qashqai2/index.html]
[rentify.uouapps.com/wp-json/oembed/1.0/embed6e13.json]
[rentify.uouapps.com/index85b3.html]
[rentify.uouapps.com/wp-json/oembed/1.0/embedad88]
[rentify.uouapps.com/cars/citroen-c5/POST.10c.delayed]
[rentify.uouapps.com/wp-content/plugins/native-rental-system/extensions/car/front/demo-gallery/big_thumb_1433866536_1432899430_c5s.jpg]
[rentify.uouapps.com/cars/citroen-c5/index.html]
[rentify.uouapps.com/wp-json/oembed/1.0/embed69b1.json]
[rentify.uouapps.com/indexcb89.html]
[rentify.uouapps.com/wp-json/oembed/1.0/embed985a]
[rentify.uouapps.com/cars/nissan-qashqai/POST.110.delayed]
[rentify.uouapps.com/wp-content/plugins/native-rental-system/extensions/car/front/demo-gallery/big_thumb_1433866727_1432633039_Nissan Qashqai.jpg]
[rentify.uouapps.com/cars/nissan-qashqai/index.html]
[rentify.uouapps.com/wp-json/oembed/1.0/embedd1c2.json]
[rentify.uouapps.com/index4580.html]
[rentify.uouapps.com/wp-json/oembed/1.0/embedf9b7]
[rentify.uouapps.com/cars/vwtouareg/POST.114.delayed]
[rentify.uouapps.com/wp-content/plugins/native-rental-system/extensions/car/front/demo-gallery/big_thumb_1436773349_VW Touareg.jpg]
[rentify.uouapps.com/cars/vwtouareg/index.html]
[rentify.uouapps.com/wp-json/oembed/1.0/embedeed2.json]
[rentify.uouapps.com/indexf45e.html]
[rentify.uouapps.com/wp-json/oembed/1.0/embed0dce]
[rentify.uouapps.com/cars/audi-a6/POST.118.delayed]
[rentify.uouapps.com/wp-content/plugins/native-rental-system/extensions/car/front/demo-gallery/big_thumb_1433866509_1432632949_Audi A6.jpg]
[rentify.uouapps.com/cars/audi-a6/index.html]
[rentify.uouapps.com/wp-json/oembed/1.0/embeda47d.json]
[rentify.uouapps.com/indexc39e.html]
[rentify.uouapps.com/wp-json/oembed/1.0/embedc748]
[rentify.uouapps.com/cars/mercedes-ml350/POST.11c.delayed]
[rentify.uouapps.com/wp-content/plugins/native-rental-system/extensions/car/front/demo-gallery/big_thumb_1433866707_1432633030_Mercedes ML350.jpg]
[rentify.uouapps.com/cars/mercedes-ml350/index.html]
[rentify.uouapps.com/wp-json/oembed/1.0/embedb19a.json]
[rentify.uouapps.com/indexc8fa.html]
[rentify.uouapps.com/wp-json/oembed/1.0/embedc8ea]
[rentify.uouapps.com/cars/opel-vivaro/POST.120.delayed]
[rentify.uouapps.com/wp-content/plugins/native-rental-system/extensions/car/front/demo-gallery/big_thumb_1433866477_1432632928_Opel Vivaro.jpg]
[rentify.uouapps.com/cars/opel-vivaro/index.html]
[rentify.uouapps.com/index78d6.html]
[rentify.uouapps.com/wp-json/oembed/1.0/embed7cd9.json]
[rentify.uouapps.com/wp-json/oembed/1.0/embed8628]
[rentify.uouapps.com/cars/peugeot-boxer/POST.124.delayed]
[rentify.uouapps.com/wp-content/plugins/native-rental-system/extensions/car/front/demo-gallery/big_thumb_1433866491_1432632939_Peugeot Boxer.jpg]
[rentify.uouapps.com/cars/peugeot-boxer/index.html]
[rentify.uouapps.com/wp-content/plugins/native-rental-system/front/images/jqueryui/ui-bg_flat_75_ffffff_40x100.png]
[rentify.uouapps.com/wp-content/plugins/native-rental-system/front/images/jqueryui/ui-bg_highlight-soft_75_cccccc_1x100.png]
[rentify.uouapps.com/wp-content/plugins/native-rental-system/front/images/jqueryui/ui-bg_glass_75_e6e6e6_1x400.png]
[rentify.uouapps.com/wp-content/plugins/native-rental-system/front/images/jqueryui/ui-bg_glass_75_dadada_1x400.png]
[rentify.uouapps.com/wp-content/plugins/native-rental-system/front/images/jqueryui/ui-bg_glass_65_ffffff_1x400.png]
[rentify.uouapps.com/wp-content/plugins/native-rental-system/front/images/jqueryui/ui-bg_glass_55_fbf9ee_1x400.png]
[rentify.uouapps.com/wp-content/plugins/native-rental-system/front/images/jqueryui/ui-bg_glass_95_fef1ec_1x400.png]
[rentify.uouapps.com/wp-content/plugins/native-rental-system/front/images/jqueryui/ui-icons_454545_256x240.png]
[rentify.uouapps.com/wp-content/plugins/native-rental-system/front/images/jqueryui/ui-bg_flat_0_aaaaaa_40x100.png]
[rentify.uouapps.com/wp-content/plugins/native-rental-system/front/css/datepicker167b.css]
[rentify.uouapps.com/wp-content/plugins/native-rental-system/front/images/item-rental-bg.png]
[rentify.uouapps.com/wp-content/plugins/native-rental-system/front/images/dropdown-icon.png]
[rentify.uouapps.com/wp-content/plugins/native-rental-system/front/css/style-crimson-red167b.css]
[rentify.uouapps.com/wp-content/plugins/native-rental-system/front/fonts/nrs-flexslider-icon.eot]
[rentify.uouapps.com/wp-content/plugins/native-rental-system/front/fonts/nrs-flexslider-icon.woff]
[rentify.uouapps.com/wp-content/plugins/native-rental-system/front/fonts/nrs-flexslider-icond41d.eot]
[rentify.uouapps.com/wp-content/plugins/native-rental-system/front/fonts/nrs-flexslider-icon.ttf]
[rentify.uouapps.com/wp-content/plugins/native-rental-system/front/css/nrs-flexslider167b.css]
[rentify.uouapps.com/wp-content/themes/rentify/assets/css/grabbing.html]
[rentify.uouapps.com/wp-content/themes/rentify/assets/fonts/fontawesome-webfonte0a5.html]
[rentify.uouapps.com/wp-content/themes/rentify/assets/fonts/fontawesome-webfonte0a5.svg]
[rentify.uouapps.com/wp-content/themes/rentify/assets/js/plugins/mejs/bigplay.svg]
[rentify.uouapps.com/wp-content/themes/rentify/assets/js/plugins/mejs/controls.svg]
[rentify.uouapps.com/wp-content/plugins/js_composer/assets/fonts/vc_grid/vc_grid_v157a1.svg]
[rentify.uouapps.com/indexd4ea.html]
[rentify.uouapps.com/wp-admin/admin-ajax.html]
[rentify.uouapps.com/search/POST.html]
[rentify.uouapps.com/index1870.html]
[rentify.uouapps.com/search/POST/feed/rss2/index.html]
[rentify.uouapps.com/2016/08/index.html]
[rentify.uouapps.com/2016/09/index.html]
[rentify.uouapps.com/modify-reservation/POST.html]
[rentify.uouapps.com/index30df.html]
[rentify.uouapps.com/2016/07/index.html]
[rentify.uouapps.com/2012/03/index.html]
[rentify.uouapps.com/car-listings/POST.html]
[rentify.uouapps.com/2016/06/index.html]
[rentify.uouapps.com/2015/03/index.html]
[rentify.uouapps.com/index5721.html]
[rentify.uouapps.com/cars/mazda-6/POST.html]
[rentify.uouapps.com/cars/index.html]
[rentify.uouapps.com/index9d44.html]
[rentify.uouapps.com/car-availability-2/POST.html]
[rentify.uouapps.com/index0180.html]
[rentify.uouapps.com/extras-availability/POST.html]
[rentify.uouapps.com/indexed1a.html]
[rentify.uouapps.com/pricing-system/POST.html]
[rentify.uouapps.com/indexa9a7.html]
[rentify.uouapps.com/extras-pricing/POST.html]
[rentify.uouapps.com/index11a9.html]
[rentify.uouapps.com/about-us-2/POST.html]
[rentify.uouapps.com/indexc63f.html]
[rentify.uouapps.com/faq-2/POST.html]
[rentify.uouapps.com/index9849.html]
[rentify.uouapps.com/contact-us/POST.html]
[rentify.uouapps.com/index28c5.html]
[rentify.uouapps.com/cars/suzuki-alto/POST.html]
[rentify.uouapps.com/index9873.html]
[rentify.uouapps.com/cars/ford-fiesta/POST.html]
[rentify.uouapps.com/index5a6a.html]
[rentify.uouapps.com/cars/peugeot-207/POST.html]
[rentify.uouapps.com/index6eea.html]
[rentify.uouapps.com/cars/kia-ceed/POST.html]
[rentify.uouapps.com/index5051.html]
[rentify.uouapps.com/cars/opel-astra-sport-tourer/POST.html]
[rentify.uouapps.com/indexdc0d.html]
[rentify.uouapps.com/cars/opel-insignia/POST.html]
[rentify.uouapps.com/index9fa1.html]
[rentify.uouapps.com/cars/nissan-qashqai2/POST.html]
[rentify.uouapps.com/index85b3.html]
[rentify.uouapps.com/cars/citroen-c5/POST.html]
[rentify.uouapps.com/indexcb89.html]
[rentify.uouapps.com/cars/nissan-qashqai/POST.html]
[rentify.uouapps.com/index4580.html]
[rentify.uouapps.com/cars/vwtouareg/POST.html]
[rentify.uouapps.com/indexf45e.html]
[rentify.uouapps.com/cars/audi-a6/POST.html]
[rentify.uouapps.com/indexc39e.html]
[rentify.uouapps.com/cars/mercedes-ml350/POST.html]
[rentify.uouapps.com/indexc8fa.html]
[rentify.uouapps.com/cars/opel-vivaro/POST.html]
[rentify.uouapps.com/index78d6.html]
[rentify.uouapps.com/cars/peugeot-boxer/POST.html]
[rentify.uouapps.com/wp-content/plugins/native-rental-system/front/fonts/nrs-flexslider-icon.svg]
[rentify.uouapps.com/2016/09/index.html]
[rentify.uouapps.com/2016/08/index.html]
[rentify.uouapps.com/2016/07/index.html]
[rentify.uouapps.com/2016/06/index.html]
[rentify.uouapps.com/2010/03/index.html]
[rentify.uouapps.com/wp-content/uploads/2016/01/bnr-bg-1-1920x1184.jpg]
[rentify.uouapps.com/2015/03/index.html]
[rentify.uouapps.com/company/cars-in-fleet/index.html]
[rentify.uouapps.com/2015/index.html]
[rentify.uouapps.com/category/buy/index.html]
[rentify.uouapps.com/wp-content/uploads/2012/03/service-offer-801x377.jpg]
[rentify.uouapps.com/category/reservation/index.html]
[rentify.uouapps.com/2012/03/index.html]
[rentify.uouapps.com/category/rent/index.html]
[rentify.uouapps.com/norwegians-take-united-for-a-ride/index.html]
[rentify.uouapps.com/2012/index.html]
[rentify.uouapps.com/category/disinclination/index.html]
[rentify.uouapps.com/wp-content/uploads/2010/03/intro-1920x829.jpg]
[rentify.uouapps.com/category/disinfection/index.html]
[rentify.uouapps.com/2010/03/index.html]
[rentify.uouapps.com/category/dispatch/index.html]
[rentify.uouapps.com/why-booking-a-rental-car-upfront-is-better/index.html]
[rentify.uouapps.com/2010/index.html]
[rentify.uouapps.com/wp-json/oembed/1.0/embedec76.json]
[rentify.uouapps.com/category/foo-a/index.html]
[rentify.uouapps.com/wp-json/oembed/1.0/embed7082]
[rentify.uouapps.com/category/media-2/index.html]
[rentify.uouapps.com/company/cars-in-fleet/POST.13a.delayed]
[rentify.uouapps.com/company/cars-in-fleet/index.html]
[rentify.uouapps.com/category/palter/index.html]
[rentify.uouapps.com/category/propylaeum/index.html]
[rentify.uouapps.com/2015/index.html]
[rentify.uouapps.com/category/scholarship/index.html]
[rentify.uouapps.com/lorem-ipsum-dolor-sit-amet-consectetur/index.html]
[rentify.uouapps.com/indexa107.html]
[rentify.uouapps.com/company/index.html]
[rentify.uouapps.com/author/roman/index.html]
[rentify.uouapps.com/category/buy/index.html]
[rentify.uouapps.com/category/rent/index.html]
[rentify.uouapps.com/category/reservation/index.html]
[rentify.uouapps.com/category/buy/feed/index.html]
[rentify.uouapps.com/category/reservation/feed/index.html]
[rentify.uouapps.com/category/rent/feed/index.html]
[rentify.uouapps.com/wp-json/oembed/1.0/embed357c.json]
[rentify.uouapps.com/index94b0.html]
[rentify.uouapps.com/wp-json/oembed/1.0/embed78bc]
[rentify.uouapps.com/norwegians-take-united-for-a-ride/POST.13d.delayed]
[rentify.uouapps.com/norwegians-take-united-for-a-ride/index.html]
[rentify.uouapps.com/tag/rent/index.html]
[rentify.uouapps.com/tag/templates/index.html]
[rentify.uouapps.com/2012/index.html]
[rentify.uouapps.com/category/disinclination/index.html]
[rentify.uouapps.com/tag/reservation/index.html]
[rentify.uouapps.com/tag/wordpress/index.html]
[rentify.uouapps.com/category/disinfection/index.html]
[rentify.uouapps.com/category/dispatch/index.html]
[rentify.uouapps.com/category/disinclination/feed/index.html]
[rentify.uouapps.com/category/disinfection/feed/index.html]
[rentify.uouapps.com/category/dispatch/feed/index.html]
[rentify.uouapps.com/wp-json/oembed/1.0/embed0d97.json]
[rentify.uouapps.com/why-booking-a-rental-car-upfront-is-better/feed/index.html]
[rentify.uouapps.com/index0012.html]
[rentify.uouapps.com/wp-json/oembed/1.0/embeda136]
[rentify.uouapps.com/why-booking-a-rental-car-upfront-is-better/POST.140.delayed]
[rentify.uouapps.com/why-booking-a-rental-car-upfront-is-better/index.html]
[rentify.uouapps.com/tag/car/index.html]
[rentify.uouapps.com/tag/industries/index.html]
[rentify.uouapps.com/2010/index.html]
[rentify.uouapps.com/tag/hourly/index.html]
[rentify.uouapps.com/tag/beauty/index.html]
[rentify.uouapps.com/category/foo-a/index.html]
[rentify.uouapps.com/tag/old-car/index.html]
[rentify.uouapps.com/category/media-2/index.html]
[rentify.uouapps.com/tag/popular/index.html]
[rentify.uouapps.com/tag/rental/index.html]
[rentify.uouapps.com/tag/station/index.html]
[rentify.uouapps.com/category/palter/index.html]
[rentify.uouapps.com/category/propylaeum/index.html]
[rentify.uouapps.com/category/foo-a/feed/index.html]
[rentify.uouapps.com/category/scholarship/index.html]
[rentify.uouapps.com/category/media-2/feed/index.html]
[rentify.uouapps.com/category/palter/feed/index.html]
[rentify.uouapps.com/category/propylaeum/feed/index.html]
[rentify.uouapps.com/category/scholarship/feed/index.html]
[rentify.uouapps.com/wp-json/oembed/1.0/embed5eb2.json]
[rentify.uouapps.com/indexcb30.html]
[rentify.uouapps.com/wp-json/oembed/1.0/embed6cbb]
[rentify.uouapps.com/lorem-ipsum-dolor-sit-amet-consectetur/POST.143.delayed]
[rentify.uouapps.com/lorem-ipsum-dolor-sit-amet-consectetur/index.html]
[rentify.uouapps.com/tag/amazing/index.html]
[rentify.uouapps.com/tag/eligent/index.html]
[rentify.uouapps.com/indexa107.html]
[rentify.uouapps.com/company/cars-in-fleet/POST.html]
[rentify.uouapps.com/company/index.html]
[rentify.uouapps.com/tag/buy-it/index.html]
[rentify.uouapps.com/tag/combination/index.html]
[rentify.uouapps.com/wp-content/uploads/2016/01/bnr-bg-1-270x270.jpg]
[rentify.uouapps.com/author/roman/feed/index.html]
[rentify.uouapps.com/tag/wptemplates/index.html]
[rentify.uouapps.com/wp-content/uploads/2012/03/service-offer-270x270.jpg]
[rentify.uouapps.com/wp-content/uploads/2010/03/intro-270x270.jpg]
[rentify.uouapps.com/author/roman/index.html]
[rentify.uouapps.com/index94b0.html]
[rentify.uouapps.com/norwegians-take-united-for-a-ride/POST.html]
[rentify.uouapps.com/tag/rent/index.html]
[rentify.uouapps.com/tag/reservation/index.html]
[rentify.uouapps.com/tag/rent/feed/index.html]
[rentify.uouapps.com/tag/reservation/feed/index.html]
[rentify.uouapps.com/tag/templates/index.html]
[rentify.uouapps.com/tag/wordpress/index.html]
[rentify.uouapps.com/index0012.html]
[rentify.uouapps.com/why-booking-a-rental-car-upfront-is-better/POST.html]
[rentify.uouapps.com/tag/beauty/index.html]
[rentify.uouapps.com/tag/car/index.html]
[rentify.uouapps.com/tag/templates/feed/index.html]
[rentify.uouapps.com/tag/hourly/index.html]
[rentify.uouapps.com/tag/wordpress/feed/index.html]
[rentify.uouapps.com/tag/industries/index.html]
[rentify.uouapps.com/tag/hourly/feed/index.html]
[rentify.uouapps.com/tag/car/feed/index.html]
[rentify.uouapps.com/tag/industries/feed/index.html]
[rentify.uouapps.com/tag/old-car/index.html]
[rentify.uouapps.com/tag/popular/index.html]
[rentify.uouapps.com/tag/rental/index.html]
[rentify.uouapps.com/tag/old-car/feed/index.html]
[rentify.uouapps.com/tag/rental/feed/index.html]
[rentify.uouapps.com/tag/popular/feed/index.html]
[rentify.uouapps.com/tag/beauty/feed/index.html]
[rentify.uouapps.com/tag/station/index.html]
[rentify.uouapps.com/indexcb30.html]
[rentify.uouapps.com/lorem-ipsum-dolor-sit-amet-consectetur/POST.html]
[rentify.uouapps.com/tag/amazing/index.html]
[rentify.uouapps.com/tag/buy-it/index.html]
[rentify.uouapps.com/tag/combination/index.html]
[rentify.uouapps.com/tag/station/feed/index.html]
[rentify.uouapps.com/tag/eligent/index.html]
[rentify.uouapps.com/tag/buy-it/feed/index.html]
[rentify.uouapps.com/tag/wptemplates/index.html]
[rentify.uouapps.com/tag/amazing/feed/index.html]
[rentify.uouapps.com/tag/combination/feed/index.html]
[rentify.uouapps.com/tag/eligent/feed/index.html]
[rentify.uouapps.com/tag/wptemplates/feed/index.html]
